
> client@0.0.0 test:run
> vitest run

✘ [ERROR] Expected ")" but found ":"

    vitest.config.ts:15:9:
      15 │   resolve: {
         │          ^
         ╵          )

failed to load config from /home/artha/climateAI/client/vitest.config.ts

[31m⎯⎯⎯⎯⎯⎯⎯[39m[1m[41m Startup Error [49m[22m[31m⎯⎯⎯⎯⎯⎯⎯⎯[39m
Error: Build failed with 1 error:
vitest.config.ts:15:9: ERROR: Expected ")" but found ":"
    at failureErrorWithLog (/home/artha/climateAI/client/node_modules/vitest/node_modules/esbuild/lib/main.js:1467:15)
    at /home/artha/climateAI/client/node_modules/vitest/node_modules/esbuild/lib/main.js:926:25
    at runOnEndCallbacks (/home/artha/climateAI/client/node_modules/vitest/node_modules/esbuild/lib/main.js:1307:45)
    at buildResponseToResult (/home/artha/climateAI/client/node_modules/vitest/node_modules/esbuild/lib/main.js:924:7)
    at /home/artha/climateAI/client/node_modules/vitest/node_modules/esbuild/lib/main.js:951:16
    at responseCallbacks.<computed> (/home/artha/climateAI/client/node_modules/vitest/node_modules/esbuild/lib/main.js:603:9)
    at handleIncomingPacket (/home/artha/climateAI/client/node_modules/vitest/node_modules/esbuild/lib/main.js:658:12)
    at Socket.readFromStdout (/home/artha/climateAI/client/node_modules/vitest/node_modules/esbuild/lib/main.js:581:7)
    at Socket.emit (node:events:519:28)
    at addChunk (node:internal/streams/readable:561:12) {
  errors: [Getter/Setter],
  warnings: [Getter/Setter]
}
